// Jest Snapshot v1, https://goo.gl/fbAQLP

exports[`Creator page tests Page matches snapshot 1`] = `
<DocumentFragment>
  <main>
    <nav
      class="fixed top-0 z-50 flex flex-wrap items-center justify-between w-full px-2 py-3 bg-transparent"
    >
      <div
        class="container flex flex-wrap items-center justify-between px-4 mx-auto"
      >
        <div
          class="flex items-center flex-grow shadow-none "
          id="nav"
        >
          <ul
            class="flex flex-row ml-auto list-none"
          >
            <li
              class="flex items-center"
            >
              <a
                class="mr-2 text-lg text-white leading-lg"
                href="/"
              >
                <span
                  class="flex items-center"
                >
                  <svg
                    class="mr-2"
                    fill="currentColor"
                    height="1em"
                    stroke="currentColor"
                    stroke-width="0"
                    viewBox="0 0 24 24"
                    width="1em"
                    xmlns="http://www.w3.org/2000/svg"
                  >
                    <path
                      d="M3 13h1v7c0 1.103.897 2 2 2h12c1.103 0 2-.897 2-2v-7h1a1 1 0 0 0 .707-1.707l-9-9a.999.999 0 0 0-1.414 0l-9 9A1 1 0 0 0 3 13zm7 7v-5h4v5h-4zm2-15.586 6 6V15l.001 5H16v-5c0-1.103-.897-2-2-2h-4c-1.103 0-2 .897-2 2v5H6v-9.586l6-6z"
                    />
                  </svg>
                  Home
                </span>
              </a>
            </li>
          </ul>
        </div>
      </div>
    </nav>
    <div
      class="flex items-center content-center justify-center min-w-full"
    >
      <div
        class="container min-w-full mx-auto"
      >
        <div
          class="flex flex-wrap items-center"
        >
          <div
            class="w-full px-6 m-auto text-center"
          >
            <div
              class="relative h-64 overflow-hidden bg-gray-500 rounded-lg"
            >
              <div
                class="absolute top-0 right-0 block w-full h-full"
              >
                <span
                  style="box-sizing: border-box; display: block; overflow: hidden; background: none; opacity: 1; border: 0px; margin: 0px; padding: 0px; position: absolute; top: 0px; left: 0px; bottom: 0px; right: 0px;"
                >
                  <img
                    class="object-cover h-full min-w-full"
                    data-nimg="fill"
                    decoding="async"
                    src="data:image/gif;base64,R0lGODlhAQABAIAAAAAAAP///yH5BAEAAAAALAAAAAABAAEAAAIBRAA7"
                    style="position: absolute; top: 0px; left: 0px; bottom: 0px; right: 0px; box-sizing: border-box; padding: 0px; margin: auto; display: block; width: 0px; height: 0px; min-width: 100%; max-width: 100%; min-height: 100%; max-height: 100%;"
                  />
                  <noscript />
                </span>
              </div>
            </div>
          </div>
          <div
            class="relative flex flex-col w-full mt-16 mb-6 break-words"
          >
            <div
              class="px-6"
            >
              <div
                class="flex flex-wrap justify-center"
              >
                <div
                  class="flex justify-center w-full px-4"
                >
                  <div
                    class="relative overflow-hidden border-8 border-white rounded-full w-36 h-36 -m-44"
                  >
                    <span
                      style="box-sizing: border-box; display: block; overflow: hidden; background: none; opacity: 1; border: 0px; margin: 0px; padding: 0px; position: absolute; top: 0px; left: 0px; bottom: 0px; right: 0px;"
                    >
                      <img
                        alt="TestUser"
                        class="absolute align-middle"
                        data-nimg="fill"
                        decoding="async"
                        src="data:image/gif;base64,R0lGODlhAQABAIAAAAAAAP///yH5BAEAAAAALAAAAAABAAEAAAIBRAA7"
                        style="position: absolute; top: 0px; left: 0px; bottom: 0px; right: 0px; box-sizing: border-box; padding: 0px; margin: auto; display: block; width: 0px; height: 0px; min-width: 100%; max-width: 100%; min-height: 100%; max-height: 100%; object-fit: cover;"
                      />
                      <noscript />
                    </span>
                  </div>
                </div>
                <div
                  class="w-full px-4 -mt-10 text-center"
                >
                  <div
                    class="flex justify-center py-4 pt-8 lg:pt-4"
                  >
                    <div
                      class="p-3 text-center"
                    >
                      <span
                        class="block text-3xl font-bold tracking-wide text-blueGray-600"
                      >
                        TestUser
                      </span>
                    </div>
                  </div>
                </div>
              </div>
            </div>
          </div>
        </div>
      </div>
    </div>
  </main>
</DocumentFragment>
`;
