// Jest Snapshot v1, https://goo.gl/fbAQLP

exports[`Creator navbar tests Creator navbar matches snapshot 1`] = `
<DocumentFragment>
  <nav
    class="fixed top-0 z-50 flex flex-wrap items-center justify-between w-full px-2 py-3 bg-transparent"
  >
    <div
      class="container flex flex-wrap items-center justify-between px-4 mx-auto"
    >
      <div
        class="flex items-center flex-grow shadow-none "
        id="nav"
      >
        <ul
          class="flex flex-row ml-auto list-none"
        >
          <li
            class="flex items-center"
          >
            <a
              class="mr-2 text-lg text-white leading-lg"
              href="/"
            >
              <span
                class="flex items-center"
              >
                <svg
                  class="mr-2"
                  fill="currentColor"
                  height="1em"
                  stroke="currentColor"
                  stroke-width="0"
                  viewBox="0 0 24 24"
                  width="1em"
                  xmlns="http://www.w3.org/2000/svg"
                >
                  <path
                    d="M3 13h1v7c0 1.103.897 2 2 2h12c1.103 0 2-.897 2-2v-7h1a1 1 0 0 0 .707-1.707l-9-9a.999.999 0 0 0-1.414 0l-9 9A1 1 0 0 0 3 13zm7 7v-5h4v5h-4zm2-15.586 6 6V15l.001 5H16v-5c0-1.103-.897-2-2-2h-4c-1.103 0-2 .897-2 2v5H6v-9.586l6-6z"
                  />
                </svg>
                Home
              </span>
            </a>
          </li>
          <li
            class="flex items-center"
          >
            <button
              class="wallet-adapter-button wallet-adapter-button-trigger"
              tabindex="0"
              type="button"
            >
              Select Wallet
            </button>
          </li>
        </ul>
      </div>
    </div>
  </nav>
</DocumentFragment>
`;
