// Jest Snapshot v1, https://goo.gl/fbAQLP

exports[`Support card tests SupportCard matches snapshot 1`] = `
<DocumentFragment>
  <div
    class="flex items-center content-center justify-center w-full mt-12"
  >
    <div
      class="container "
    >
      <div
        class="flex flex-col-reverse items-center lg:flex-row"
      >
        <div
          class="w-full text-center lg:w-7/12"
        >
          Posts for: TestUser
        </div>
        <div
          class="w-full mx-auto lg:w-5/12"
        >
          <div
            class="p-6 m-8 border border-gray-200 rounded-lg lg:w-4/5"
          >
            <div
              class="text-2xl font-bold"
            >
              Buy 
              <span
                class="text-gray-400"
              >
                TestUser
              </span>
               a coffee
            </div>
            <div
              class="p-4 mt-4 border border-orange-400 rounded-lg bg-orange-50 "
            >
              <div
                class="flex items-center justify-center"
              >
                 
                <span
                  class="mx-4 text-gray-400"
                >
                  X
                </span>
                <button
                  class="text-white bg-orange-400 w-10 h-10 m-2 text-sm font-bold uppercase  rounded-full shadow outline-none  hover:shadow-lg focus:outline-none"
                  value="1"
                >
                  1
                </button>
                <button
                  class="text-orange-400 bg-white w-10 h-10 m-2 text-sm font-bold uppercase  rounded-full shadow outline-none  hover:shadow-lg focus:outline-none"
                  value="3"
                >
                  3
                </button>
                <button
                  class="text-orange-400 bg-white w-10 h-10 m-2 text-sm font-bold uppercase  rounded-full shadow outline-none  hover:shadow-lg focus:outline-none"
                  value="5"
                >
                  5
                </button>
                <input
                  class="relative w-16 h-10 px-3 text-sm bg-white rounded shadow outline-none focus:outline-none focus:shadow-outline"
                  type="number"
                  value="1"
                />
              </div>
            </div>
            <div
              class="mt-4"
            >
              <input
                class="relative w-full px-3 py-3 text-base bg-white border rounded outline-none focus:outline-none focus:shadow-outline"
                placeholder="Name or @yourtwitter (optional)"
                type="text"
              />
              <textarea
                class="w-full px-3 py-3 mt-3 text-base bg-white border rounded outline-none focus:outline-none focus:shadow-outline"
                placeholder="Say something nice... (optioanl)"
              />
            </div>
            <div
              class="mt-4"
            >
              <button
                class="w-full px-6 py-3 mb-1 mr-1 text-base font-bold text-white uppercase transition-all duration-150 ease-linear bg-orange-400 rounded-full shadow outline-none hover:shadow-lg focus:outline-none"
                type="button"
              >
                Support $1.75
              </button>
            </div>
          </div>
        </div>
      </div>
    </div>
  </div>
</DocumentFragment>
`;
