// Jest Snapshot v1, https://goo.gl/fbAQLP

exports[`Index page matches snapshot 1`] = `
<DocumentFragment>
  <main>
    <div
      class="css-j0lspo"
    >
      <div
        class="css-lupyvi"
      />
      <div
        class="css-1qq9zuh"
      >
        <p
          class="chakra-text css-kp29mc"
        >
          Welcome!
        </p>
        <p
          class="chakra-text css-1lbp3s0"
        >
          Use these awesome forms to login or create new account in your project for free.
        </p>
      </div>
      <div
        class="css-19o578g"
      >
        <div
          class="css-xdkxx5"
        >
          <p
            class="chakra-text css-19bucko"
          >
            Register With
          </p>
          <div
            class="chakra-stack css-lr5c2e"
          >
            <div
              class="css-1gpalec"
            >
              <a
                class="chakra-link css-0"
                href="#"
              >
                <svg
                  class="chakra-icon css-1mbk6c7"
                  fill="currentColor"
                  focusable="false"
                  height="1em"
                  stroke="currentColor"
                  stroke-width="0"
                  viewBox="0 0 512 512"
                  width="1em"
                  xmlns="http://www.w3.org/2000/svg"
                >
                  <path
                    d="M504 256C504 119 393 8 256 8S8 119 8 256c0 123.78 90.69 226.38 209.25 245V327.69h-63V256h63v-54.64c0-62.15 37-96.48 93.67-96.48 27.14 0 55.52 4.84 55.52 4.84v61h-31.28c-30.8 0-40.41 19.12-40.41 38.73V256h68.78l-11 71.69h-57.78V501C413.31 482.38 504 379.78 504 256z"
                  />
                </svg>
              </a>
            </div>
            <div
              class="css-1gpalec"
            >
              <a
                class="chakra-link css-0"
                href="#"
              >
                <svg
                  class="chakra-icon css-1mbk6c7"
                  fill="currentColor"
                  focusable="false"
                  height="1em"
                  stroke="currentColor"
                  stroke-width="0"
                  viewBox="0 0 384 512"
                  width="1em"
                  xmlns="http://www.w3.org/2000/svg"
                >
                  <path
                    d="M318.7 268.7c-.2-36.7 16.4-64.4 50-84.8-18.8-26.9-47.2-41.7-84.7-44.6-35.5-2.8-74.3 20.7-88.5 20.7-15 0-49.4-19.7-76.4-19.7C63.3 141.2 4 184.8 4 273.5q0 39.3 14.4 81.2c12.8 36.7 59 126.7 107.2 125.2 25.2-.6 43-17.9 75.8-17.9 31.8 0 48.3 17.9 76.4 17.9 48.6-.7 90.4-82.5 102.6-119.3-65.2-30.7-61.7-90-61.7-91.9zm-56.6-164.2c27.3-32.4 24.8-61.9 24-72.5-24.1 1.4-52 16.4-67.9 34.9-17.5 19.8-27.8 44.3-25.6 71.9 26.1 2 49.9-11.4 69.5-34.3z"
                  />
                </svg>
              </a>
            </div>
            <div
              class="css-1gpalec"
            >
              <a
                class="chakra-link css-0"
                href="#"
              >
                <svg
                  class="chakra-icon css-1mbk6c7"
                  fill="currentColor"
                  focusable="false"
                  height="1em"
                  stroke="currentColor"
                  stroke-width="0"
                  viewBox="0 0 488 512"
                  width="1em"
                  xmlns="http://www.w3.org/2000/svg"
                >
                  <path
                    d="M488 261.8C488 403.3 391.1 504 248 504 110.8 504 0 393.2 0 256S110.8 8 248 8c66.8 0 123 24.5 166.3 64.9l-67.5 64.9C258.5 52.6 94.3 116.6 94.3 256c0 86.5 69.1 156.6 153.7 156.6 98.2 0 135-70.4 140.8-106.9H248v-85.3h236.1c2.3 12.7 3.9 24.9 3.9 41.4z"
                  />
                </svg>
              </a>
            </div>
          </div>
          <p
            class="chakra-text css-1a94dp"
          >
            or
          </p>
          <div
            class="chakra-form-control css-0"
            role="group"
          >
            <label
              class="chakra-form__label css-1d5vrxx"
              for="field-2"
              id="field-2-label"
            >
              Name
            </label>
            <input
              class="chakra-input css-1494r1u"
              id="field-2"
              placeholder="Your full name"
              type="text"
            />
            <label
              class="chakra-form__label css-1d5vrxx"
              for="field-2"
              id="field-2-label"
            >
              Email
            </label>
            <input
              class="chakra-input css-1494r1u"
              id="field-2"
              placeholder="Your email address"
              type="email"
            />
            <label
              class="chakra-form__label css-1d5vrxx"
              for="field-2"
              id="field-2-label"
            >
              Password
            </label>
            <input
              class="chakra-input css-1494r1u"
              id="field-2"
              placeholder="Your password"
              type="password"
            />
            <div
              class="chakra-form-control css-qr12fg"
              role="group"
            >
              <label
                class="chakra-switch css-1kfq1gn"
              >
                <input
                  class="chakra-switch__input"
                  id="remember-login"
                  style="border: 0px; clip: rect(0px, 0px, 0px, 0px); height: 1px; width: 1px; margin: -1px; padding: 0px; overflow: hidden; white-space: nowrap; position: absolute;"
                  type="checkbox"
                  value=""
                />
                <span
                  aria-hidden="true"
                  class="chakra-switch__track css-14qxnv8"
                >
                  <span
                    class="chakra-switch__thumb css-0"
                  />
                </span>
              </label>
              <label
                class="chakra-form__label css-1efyni8"
                for="remember-login"
                id="field-1-label"
              >
                Remember me
              </label>
            </div>
            <button
              class="chakra-button css-1bxmqw8"
              type="submit"
            >
              SIGN UP
            </button>
          </div>
          <div
            class="css-1hw8tai"
          >
            <p
              class="chakra-text css-1uvm1na"
            >
              Already have an account?
              <span
                class="chakra-link css-1nqkd1o"
                href="#"
              >
                Sign In
              </span>
            </p>
          </div>
        </div>
      </div>
    </div>
  </main>
</DocumentFragment>
`;
