// Jest Snapshot v1, https://goo.gl/fbAQLP

exports[`Creator headbar tests Headbar matches snapshot 1`] = `
<DocumentFragment>
  <div
    class="w-full px-6 m-auto text-center"
  >
    <div
      class="relative h-64 overflow-hidden bg-gray-500 rounded-lg"
    >
      <div
        class="absolute top-0 right-0 block w-full h-full"
      >
        <span
          style="box-sizing: border-box; display: block; overflow: hidden; background: none; opacity: 1; border: 0px; margin: 0px; padding: 0px; position: absolute; top: 0px; left: 0px; bottom: 0px; right: 0px;"
        >
          <img
            class="object-cover h-full min-w-full"
            data-nimg="fill"
            decoding="async"
            src="data:image/gif;base64,R0lGODlhAQABAIAAAAAAAP///yH5BAEAAAAALAAAAAABAAEAAAIBRAA7"
            style="position: absolute; top: 0px; left: 0px; bottom: 0px; right: 0px; box-sizing: border-box; padding: 0px; margin: auto; display: block; width: 0px; height: 0px; min-width: 100%; max-width: 100%; min-height: 100%; max-height: 100%;"
          />
          <noscript />
        </span>
      </div>
    </div>
  </div>
  <div
    class="relative flex flex-col w-full mt-16 mb-6 break-words"
  >
    <div
      class="px-6"
    >
      <div
        class="flex flex-wrap justify-center"
      >
        <div
          class="flex justify-center w-full px-4"
        >
          <div
            class="relative overflow-hidden border-8 border-white rounded-full w-36 h-36 -m-44"
          >
            <span
              style="box-sizing: border-box; display: block; overflow: hidden; background: none; opacity: 1; border: 0px; margin: 0px; padding: 0px; position: absolute; top: 0px; left: 0px; bottom: 0px; right: 0px;"
            >
              <img
                alt="TestUser"
                class="absolute align-middle"
                data-nimg="fill"
                decoding="async"
                src="data:image/gif;base64,R0lGODlhAQABAIAAAAAAAP///yH5BAEAAAAALAAAAAABAAEAAAIBRAA7"
                style="position: absolute; top: 0px; left: 0px; bottom: 0px; right: 0px; box-sizing: border-box; padding: 0px; margin: auto; display: block; width: 0px; height: 0px; min-width: 100%; max-width: 100%; min-height: 100%; max-height: 100%; object-fit: cover;"
              />
              <noscript />
            </span>
          </div>
        </div>
        <div
          class="w-full px-4 -mt-10 text-center"
        >
          <div
            class="flex justify-center py-4 pt-8 lg:pt-4"
          >
            <div
              class="p-3 text-center"
            >
              <span
                class="block text-3xl font-bold tracking-wide text-blueGray-600"
              >
                TestUser
              </span>
            </div>
          </div>
        </div>
      </div>
    </div>
  </div>
</DocumentFragment>
`;
